Microchip MPLAB XC8 Compiler V2.40

Linker command line:

-W-3 \
  --edf=C:\Program Files\Microchip\xc8\v2.40\pic\dat\20220703182018_en.msgs \
  -pivt0x8=08h -cn \
  -h+dist/default/production\SimpleTaskManager.X.production.sym \
  --cmf=dist/default/production\SimpleTaskManager.X.production.cmf -z \
  -Q18F57Q43 -oC:\Users\M71906\AppData\Local\Temp\xcAsmds.4 \
  --defsym=__MPLAB_BUILD=1 --fixupoverflow=error \
  -Mdist/default/production/SimpleTaskManager.X.production.map \
  --md=C:\Users\M71906\AppData\Local\Temp\xcAsmds.dat -E1 -ver=XC8 Compiler \
  --acfsm=1493 -ACODE=00h-01FFFFh -ACONST=00h-01FFFFh \
  -ASMALLCONST=02600h-026FFhx474 \
  -AMEDIUMCONST=02600h-0FFFFh,012600h-01FFFFh -ACOMRAM=0501h-055Fh \
  -AABS1=0500h-024FFh -ABIGRAM=0501h-024FFh \
  -ARAM=0560h-05FFh,0600h-06FFhx31 -ABANK5=0560h-05FFh -ABANK6=0600h-06FFh \
  -ABANK7=0700h-07FFh -ABANK8=0800h-08FFh -ABANK9=0900h-09FFh \
  -ABANK10=0A00h-0AFFh -ABANK11=0B00h-0BFFh -ABANK12=0C00h-0CFFh \
  -ABANK13=0D00h-0DFFh -ABANK14=0E00h-0EFFh -ABANK15=0F00h-0FFFh \
  -ABANK16=01000h-010FFh -ABANK17=01100h-011FFh -ABANK18=01200h-012FFh \
  -ABANK19=01300h-013FFh -ABANK20=01400h-014FFh -ABANK21=01500h-015FFh \
  -ABANK22=01600h-016FFh -ABANK23=01700h-017FFh -ABANK24=01800h-018FFh \
  -ABANK25=01900h-019FFh -ABANK26=01A00h-01AFFh -ABANK27=01B00h-01BFFh \
  -ABANK28=01C00h-01CFFh -ABANK29=01D00h-01DFFh -ABANK30=01E00h-01EFFh \
  -ABANK31=01F00h-01FFFh -ABANK32=02000h-020FFh -ABANK33=02100h-021FFh \
  -ABANK34=02200h-022FFh -ABANK35=02300h-023FFh -ABANK36=02400h-024FFh \
  -ASFR=00h-0FFhx4,0400h-045Fh,0460h-04FFh,02500h-025FFh \
  -ABIGSFR=00h-04FFh,02500h-025FFh -ACONFIG=0300000h-0300011h \
  -AIDLOC=0200000h-020003Fh -AEEDATA=0380000h-03803FFh -peeprom_data=EEDATA \
  -preset_vec=00h -ppowerup=CODE,init -pramtop=02600h \
  -psmallconst=SMALLCONST -pmediumconst=MEDIUMCONST -pconst=CONST \
  -AFARRAM=00h-00h \
  -prdata=COMRAM,nvrram=COMRAM,nvbit=COMRAM,rbss=COMRAM,rbit=COMRAM \
  -pfarbss=FARRAM,fardata=FARRAM,nvFARRAM=FARRAM \
  -pintsave_regs=BIGRAM,bigbss=BIGRAM,bigdata=BIGRAM -pbss=RAM \
  -pidata=CODE,irdata=CODE,ibigdata=CODE,ifardata=CODE -prparam=COMRAM \
  C:\Users\M71906\AppData\Local\Temp\xcAsmds.o \
  dist/default/production\SimpleTaskManager.X.production.o 

Object code version is 3.11

Machine type is 18F57Q43



                Name                               Link     Load   Length Selector   Space Scale
C:\Users\M71906\AppData\Local\Temp\xcAsmds.o
                idloc                            200000   200000       40        0       5
                config                           300000   300000        A        0       4
                init                                 1A       1A        4        4       0
                reset_vec                             0        0        4        0       0
dist/default/production\SimpleTaskManager.X.production.o
                idloc                            200000   200000       40        0       5
                config                           300000   300000        A        0       4
                mediumconst                        FEC4     FEC4      13C     7F62       0
                ivt0x8                                8        8       12        4       0
                text73                            116F4    116F4        A     8000       0
                text72                            116EA    116EA        A     8000       0
                text71                            1171E    1171E        8     8000       0
                text70                            1169E    1169E       14     8000       0
                text69                            1168A    1168A       14     8000       0
                text68                            112AE    112AE       3C     8000       0
                text67                            11748    11748        2     8000       0
                text66                            11660    11660       16     8000       0
                text65                            1164A    1164A       16     8000       0
                text64                            11634    11634       16     8000       0
                text63                            1161E    1161E       16     8000       0
                text62                            11608    11608       16     8000       0
                text61                            11738    11738        6     8000       0
                text60                            11716    11716        8     8000       0
                text59                            1170E    1170E        8     8000       0
                text58                            11732    11732        6     8000       0
                text57                            1148C    1148C       26     8000       0
                text56                            10B40    10B40       EA     8000       0
                text55                            11412    11412       2A     8000       0
                text54                            11706    11706        8     8000       0
                text53                            1172C    1172C        6     8000       0
                text52                            113E8    113E8       2A     8000       0
                text51                            10EF4    10EF4       94     8000       0
                text50                            11726    11726        6     8000       0
                text49                            115F2    115F2       16     8000       0
                text48                            115DC    115DC       16     8000       0
                text47                            11746    11746        2     8000       0
                text46                            1138C    1138C       32     8000       0
                text45                            116FE    116FE        8     8000       0
                text44                            11744    11744        2     8000       0
                text43                            11742    11742        2     8000       0
                text42                            10C2A    10C2A       D2     8000       0
                text41                            11358    11358       34     8000       0
                text40                            11740    11740        2     8000       0
                text39                            1173E    1173E        2     8000       0
                text38                            10A4C    10A4C       F4     8000       0
                text37                            11322    11322       36     8000       0
                text36                            10404    10404      182     8000       0
                text35                            11576    11576       1C     8000       0
                text34                            11518    11518       22     8000       0
                text33                            11676    11676       14     8000       0
                text32                            110E8    110E8       62     8000       0
                text31                            116DC    116DC        E     8000       0
                text30                            116CE    116CE        E     8000       0
                text29                            116C0    116C0        E     8000       0
                text28                            1122C    1122C       42     8000       0
                text27                            10848    10848      104     8000       0
                text26                            115AC    115AC       1A     8000       0
                text25                            116B2    116B2        E     8000       0
                text24                            113BE    113BE       2A     8000       0
                text23                            114F6    114F6       22     8000       0
                text22                            114D4    114D4       22     8000       0
                text21                            114B2    114B2       22     8000       0
                text20                            10CFC    10CFC       C2     8000       0
                text19                            11558    11558       1E     8000       0
                text18                            1027C    1027C      188     8000       0
                text17                            10586    10586      164     8000       0
                text16                            1126E    1126E       40     8000       0
                text15                            115C6    115C6       16     8000       0
                text14                            1119E    1119E       4A     8000       0
                text13                            1153A    1153A       1E     8000       0
                text12                            10E5E    10E5E       96     8000       0
                text11                            111E8    111E8       44     8000       0
                text10                            1100A    1100A       7A     8000       0
                text9                             10000    10000      27C     8000       0
                text8                             106EA    106EA      15E     8000       0
                text7                             1114A    1114A       54     8000       0
                text6                             11464    11464       28     8000       0
                text5                             1143C    1143C       28     8000       0
                text4                             11084    11084       64     8000       0
                text3                             11592    11592       1A     8000       0
                text2                             1094C    1094C      100     8000       0
                text1                             10DBE    10DBE       A0     8000       0
                text0                             10F88    10F88       82     8000       0
                cstackCOMRAM                        501      501       53      501       1
                cstackBANK5                         5E9      5E9       17      560       1
                cstackBANK6                         690      690        1      600       1
                bssBANK6                            600      600       90      600       1
                bssBANK5                            560      560       89      560       1
                bssCOMRAM                           554      554        6      501       1
                cinit                             112EA    112EA       38     8000       0

TOTAL           Name                               Link     Load   Length     Space
        CLASS   CODE           
                init                                 1A       1A        4         0
                reset_vec                             0        0        4         0
                ivt0x8                                8        8       12         0
                text73                            116F4    116F4        A         0
                text72                            116EA    116EA        A         0
                text71                            1171E    1171E        8         0
                text70                            1169E    1169E       14         0
                text69                            1168A    1168A       14         0
                text68                            112AE    112AE       3C         0
                text67                            11748    11748        2         0
                text66                            11660    11660       16         0
                text65                            1164A    1164A       16         0
                text64                            11634    11634       16         0
                text63                            1161E    1161E       16         0
                text62                            11608    11608       16         0
                text61                            11738    11738        6         0
                text60                            11716    11716        8         0
                text59                            1170E    1170E        8         0
                text58                            11732    11732        6         0
                text57                            1148C    1148C       26         0
                text56                            10B40    10B40       EA         0
                text55                            11412    11412       2A         0
                text54                            11706    11706        8         0
                text53                            1172C    1172C        6         0
                text52                            113E8    113E8       2A         0
                text51                            10EF4    10EF4       94         0
                text50                            11726    11726        6         0
                text49                            115F2    115F2       16         0
                text48                            115DC    115DC       16         0
                text47                            11746    11746        2         0
                text46                            1138C    1138C       32         0
                text45                            116FE    116FE        8         0
                text44                            11744    11744        2         0
                text43                            11742    11742        2         0
                text42                            10C2A    10C2A       D2         0
                text41                            11358    11358       34         0
                text40                            11740    11740        2         0
                text39                            1173E    1173E        2         0
                text38                            10A4C    10A4C       F4         0
                text37                            11322    11322       36         0
                text36                            10404    10404      182         0
                text35                            11576    11576       1C         0
                text34                            11518    11518       22         0
                text33                            11676    11676       14         0
                text32                            110E8    110E8       62         0
                text31                            116DC    116DC        E         0
                text30                            116CE    116CE        E         0
                text29                            116C0    116C0        E         0
                text28                            1122C    1122C       42         0
                text27                            10848    10848      104         0
                text26                            115AC    115AC       1A         0
                text25                            116B2    116B2        E         0
                text24                            113BE    113BE       2A         0
                text23                            114F6    114F6       22         0
                text22                            114D4    114D4       22         0
                text21                            114B2    114B2       22         0
                text20                            10CFC    10CFC       C2         0
                text19                            11558    11558       1E         0
                text18                            1027C    1027C      188         0
                text17                            10586    10586      164         0
                text16                            1126E    1126E       40         0
                text15                            115C6    115C6       16         0
                text14                            1119E    1119E       4A         0
                text13                            1153A    1153A       1E         0
                text12                            10E5E    10E5E       96         0
                text11                            111E8    111E8       44         0
                text10                            1100A    1100A       7A         0
                text9                             10000    10000      27C         0
                text8                             106EA    106EA      15E         0
                text7                             1114A    1114A       54         0
                text6                             11464    11464       28         0
                text5                             1143C    1143C       28         0
                text4                             11084    11084       64         0
                text3                             11592    11592       1A         0
                text2                             1094C    1094C      100         0
                text1                             10DBE    10DBE       A0         0
                text0                             10F88    10F88       82         0
                cinit                             112EA    112EA       38         0

        CLASS   CONST          

        CLASS   SMALLCONST     

        CLASS   MEDIUMCONST    
                mediumconst                        FEC4     FEC4      13C         0

        CLASS   COMRAM         
                cstackCOMRAM                        501      501       53         1
                bssCOMRAM                           554      554        6         1

        CLASS   ABS1           

        CLASS   BIGRAM         

        CLASS   RAM            

        CLASS   BANK5          
                cstackBANK5                         5E9      5E9       17         1
                bssBANK5                            560      560       89         1

        CLASS   BANK6          
                cstackBANK6                         690      690        1         1
                bssBANK6                            600      600       90         1

        CLASS   BANK7          

        CLASS   BANK8          

        CLASS   BANK9          

        CLASS   BANK10         

        CLASS   BANK11         

        CLASS   BANK12         

        CLASS   BANK13         

        CLASS   BANK14         

        CLASS   BANK15         

        CLASS   BANK16         

        CLASS   BANK17         

        CLASS   BANK18         

        CLASS   BANK19         

        CLASS   BANK20         

        CLASS   BANK21         

        CLASS   BANK22         

        CLASS   BANK23         

        CLASS   BANK24         

        CLASS   BANK25         

        CLASS   BANK26         

        CLASS   BANK27         

        CLASS   BANK28         

        CLASS   BANK29         

        CLASS   BANK30         

        CLASS   BANK31         

        CLASS   BANK32         

        CLASS   BANK33         

        CLASS   BANK34         

        CLASS   BANK35         

        CLASS   BANK36         

        CLASS   SFR            

        CLASS   BIGSFR         

        CLASS   CONFIG         
                config                           300000   300000        A         4

        CLASS   IDLOC          
                idloc                            200000   200000       40         5

        CLASS   EEDATA         

        CLASS   FARRAM         

        CLASS   HEAP           

        CLASS   STACK          



SEGMENTS        Name                           Load    Length   Top    Selector   Space  Class

                reset_vec                      000000  000004  000004         0       0  CODE    
                ivt0x8                         000008  000016  00001E         4       0  CODE    
                cstackCOMRAM                   000501  000059  00055A       501       1  COMRAM  
                bssBANK5                       000560  0000A0  000600       560       1  BANK5   
                bssBANK6                       000600  000091  000691       600       1  BANK6   
                mediumconst                    00FEC4  00013C  010000      7F62       0  MEDIUMCO
                text9                          010000  00174A  01174A      8000       0  CODE    


UNUSED ADDRESS RANGES

        Name                Unused          Largest block    Delta
        BANK10           000A00-000AFF              100
        BANK11           000B00-000BFF              100
        BANK12           000C00-000CFF              100
        BANK13           000D00-000DFF              100
        BANK14           000E00-000EFF              100
        BANK15           000F00-000FFF              100
        BANK16           001000-0010FF              100
        BANK17           001100-0011FF              100
        BANK18           001200-0012FF              100
        BANK19           001300-0013FF              100
        BANK20           001400-0014FF              100
        BANK21           001500-0015FF              100
        BANK22           001600-0016FF              100
        BANK23           001700-0017FF              100
        BANK24           001800-0018FF              100
        BANK25           001900-0019FF              100
        BANK26           001A00-001AFF              100
        BANK27           001B00-001BFF              100
        BANK28           001C00-001CFF              100
        BANK29           001D00-001DFF              100
        BANK30           001E00-001EFF              100
        BANK31           001F00-001FFF              100
        BANK32           002000-0020FF              100
        BANK33           002100-0021FF              100
        BANK34           002200-0022FF              100
        BANK35           002300-0023FF              100
        BANK36           002400-0024FF              100
        BANK6            000691-0006FF               6F
        BANK7            000700-0007FF              100
        BANK8            000800-0008FF              100
        BANK9            000900-0009FF              100
        BIGRAM           00055A-00055F                6
                         000691-0024FF             1E6F
        BIGSFR           000000-0004FF              500
                         002500-0025FF              100
        CODE             000004-000007                4
                         00001E-00FEC3             FEA6
                         01174A-01FFFF             E8B6
        COMRAM           00055A-00055F                6
        CONFIG           30000A-300011                8
        CONST            000004-000007                4
                         00001E-00FEC3             FEA6
                         01174A-01FFFF             E8B6
        EEDATA           380000-3803FF              400
        MEDIUMCONST      002600-00FEC3             D8C4
                         012600-01FFFF             DA00
        RAM              000691-0024FF              100
        SFR              000000-0004FF              100
                         002500-0025FF              100
        SMALLCONST       002600-00FEC3              100
                         01174A-01FFFF              100

                                  Symbol Table

?___aodiv                                          cstackCOMRAM 000507
?___aomod                                          cstackCOMRAM 000507
?_abs                                              cstackCOMRAM 000519
?_printf                                           cstackBANK5  0005F9
?_vfprintf                                         cstackBANK5  0005F3
I2C1_AddrTransmit@addr                             cstackCOMRAM 000501
I2C1_CallbackRegister@callbackHandler              cstackCOMRAM 000507
I2C1_CounterSet@counter                            cstackCOMRAM 000501
I2C1_DataTransmit@data                             cstackCOMRAM 000501
INT0_SetInterruptHandler@InterruptHandler          cstackCOMRAM 000507
INT1_SetInterruptHandler@InterruptHandler          cstackCOMRAM 000507
INT2_SetInterruptHandler@InterruptHandler          cstackCOMRAM 000507
IVTBASEH                                           (abs)        00045E
IVTBASEL                                           (abs)        00045D
IVTBASEU                                           (abs)        00045F
Task_execute@i                                     cstackBANK6  000690
Task_register@delay                                cstackCOMRAM 000507
Task_register@i                                    cstackCOMRAM 000511
Task_register@reload                               cstackCOMRAM 000509
Task_register@task                                 cstackCOMRAM 00050B
Task_synch@i                                       cstackCOMRAM 000504
Timer0_OverflowCallbackRegister@CallbackHandler    cstackCOMRAM 000507
UART1_FramingErrorCallbackRegister@callbackHandler cstackCOMRAM 000507
UART1_OverrunErrorCallbackRegister@callbackHandler cstackCOMRAM 000507
UART1_ParityErrorCallbackRegister@callbackHandler  cstackCOMRAM 000507
UART1_ReceiveISR@regValue                          cstackCOMRAM 000501
UART1_ReceiveISR@tempRxHead                        cstackCOMRAM 000502
UART1_TransmitISR@tempTxTail                       cstackCOMRAM 000501
UART1_Write@tempTxHead                             cstackCOMRAM 000507
UART1_Write@txData                                 cstackCOMRAM 000508
_ACTCON                                            (abs)        0000AC
_ANSELA                                            (abs)        000400
_ANSELB                                            (abs)        000408
_ANSELC                                            (abs)        000410
_ANSELD                                            (abs)        000418
_ANSELE                                            (abs)        000420
_ANSELF                                            (abs)        000428
_CLOCK_Initialize                                  text35       011576
_I2C1ADB1                                          (abs)        00028F
_I2C1CLK                                           (abs)        00029C
_I2C1CNT                                           (abs)        00028D
_I2C1CON0                                          (abs)        000294
_I2C1CON0bits                                      (abs)        000294
_I2C1CON1                                          (abs)        000295
_I2C1CON1bits                                      (abs)        000295
_I2C1CON2                                          (abs)        000296
_I2C1ERR                                           (abs)        000297
_I2C1ERRbits                                       (abs)        000297
_I2C1PIE                                           (abs)        00029B
_I2C1PIEbits                                       (abs)        00029B
_I2C1PIR                                           (abs)        00029A
_I2C1PIRbits                                       (abs)        00029A
_I2C1RXB                                           (abs)        00028B
_I2C1SCLPPS                                        (abs)        000271
_I2C1SDAPPS                                        (abs)        000270
_I2C1STAT0bits                                     (abs)        000298
_I2C1STAT1                                         (abs)        000299
_I2C1STAT1bits                                     (abs)        000299
_I2C1TXB                                           (abs)        00028C
_I2C1_AddrTransmit                                 text54       011706
_I2C1_BufferClear                                  text73       0116F4
_I2C1_BusReset                                     text68       0112AE
_I2C1_Callback                                     bssBANK5     0005BE
_I2C1_CallbackRegister                             text34       011518
_I2C1_Close                                        text55       011412
_I2C1_CounterGet                                   text61       011738
_I2C1_CounterSet                                   text60       011716
_I2C1_DataReceive                                  text50       011726
_I2C1_DataTransmit                                 text59       01170E
_I2C1_DefaultCallback                              text67       011748
_I2C1_Deinitialize                                 (abs)        000000
_I2C1_ERROR_ISR                                    text56       010B40
_I2C1_ErrorFlagsClear                              text72       0116EA
_I2C1_ErrorGet                                     (abs)        000000
_I2C1_Host                                         mediumconst  00FF0D
_I2C1_ISR                                          text51       010EF4
_I2C1_Initialize                                   text32       0110E8
_I2C1_InterruptsClear                              text71       01171E
_I2C1_InterruptsDisable                            text70       01169E
_I2C1_InterruptsEnable                             text33       011676
_I2C1_IsAddr                                       text66       011660
_I2C1_IsBusCol                                     text65       01164A
_I2C1_IsBusTimeOut                                 text64       011634
_I2C1_IsBusy                                       (abs)        000000
_I2C1_IsData                                       text63       01161E
_I2C1_IsNack                                       text62       011608
_I2C1_RX_ISR                                       text49       0115F2
_I2C1_Read                                         (abs)        000000
_I2C1_ReadStart                                    text52       0113E8
_I2C1_RestartDisable                               text58       011732
_I2C1_StartSend                                    text53       01172C
_I2C1_StopSend                                     text57       01148C
_I2C1_TX_ISR                                       text48       0115DC
_I2C1_Write                                        (abs)        000000
_I2C1_WriteRead                                    (abs)        000000
_INLVLA                                            (abs)        000404
_INLVLB                                            (abs)        00040C
_INLVLC                                            (abs)        000414
_INLVLD                                            (abs)        00041C
_INLVLE                                            (abs)        000424
_INLVLF                                            (abs)        00042C
_INT0_DefaultInterruptHandler                      (abs)        000000
_INT0_InterruptHandler                             bssBANK5     0005B5
_INT0_SetInterruptHandler                          text31       0116DC
_INT1_DefaultInterruptHandler                      (abs)        000000
_INT1_InterruptHandler                             bssBANK5     0005B2
_INT1_SetInterruptHandler                          text30       0116CE
_INT2PPS                                           (abs)        000240
_INT2_CallBack                                     text46       01138C
_INT2_DefaultInterruptHandler                      text47       011746
_INT2_ISR                                          text45       0116FE
_INT2_InterruptHandler                             bssBANK5     0005AF
_INT2_SetInterruptHandler                          text29       0116C0
_INTCON0bits                                       (abs)        0004D6
_INTERRUPT_Initialize                              text28       01122C
_INTERRUPT_InterruptManager                        text36       010404
_IOCAF                                             (abs)        000407
_IOCAN                                             (abs)        000406
_IOCAP                                             (abs)        000405
_IOCBF                                             (abs)        00040F
_IOCBN                                             (abs)        00040E
_IOCBP                                             (abs)        00040D
_IOCCF                                             (abs)        000417
_IOCCN                                             (abs)        000416
_IOCCP                                             (abs)        000415
_IOCEF                                             (abs)        000427
_IOCEN                                             (abs)        000426
_IOCEP                                             (abs)        000425
_LATA                                              (abs)        0004BE
_LATB                                              (abs)        0004BF
_LATC                                              (abs)        0004C0
_LATD                                              (abs)        0004C1
_LATE                                              (abs)        0004C2
_LATF                                              (abs)        0004C3
_LATFbits                                          (abs)        0004C3
_ODCONA                                            (abs)        000402
_ODCONB                                            (abs)        00040A
_ODCONC                                            (abs)        000412
_ODCOND                                            (abs)        00041A
_ODCONE                                            (abs)        000422
_ODCONF                                            (abs)        00042A
_OSCCON1                                           (abs)        0000AD
_OSCCON3                                           (abs)        0000AF
_OSCEN                                             (abs)        0000B3
_OSCFRQ                                            (abs)        0000B1
_OSCTUNE                                           (abs)        0000B0
_PIE0bits                                          (abs)        00049E
_PIE10bits                                         (abs)        0004A8
_PIE3bits                                          (abs)        0004A1
_PIE4bits                                          (abs)        0004A2
_PIE7bits                                          (abs)        0004A5
_PIN_MANAGER_IOC                                   text44       011744
_PIN_MANAGER_Initialize                            text27       010848
_PIR0bits                                          (abs)        0004AE
_PIR10bits                                         (abs)        0004B8
_PIR1bits                                          (abs)        0004AF
_PIR3bits                                          (abs)        0004B1
_PIR4bits                                          (abs)        0004B2
_PIR6bits                                          (abs)        0004B4
_PIR7bits                                          (abs)        0004B5
_RB1I2C                                            (abs)        000289
_RB1PPS                                            (abs)        00020A
_RB2I2C                                            (abs)        000288
_RB2PPS                                            (abs)        00020B
_RC3I2C                                            (abs)        000287
_RC4I2C                                            (abs)        000286
_RC4PPS                                            (abs)        000215
_RC6PPS                                            (abs)        000217
_RF0PPS                                            (abs)        000229
_SLRCONA                                           (abs)        000403
_SLRCONB                                           (abs)        00040B
_SLRCONC                                           (abs)        000413
_SLRCOND                                           (abs)        00041B
_SLRCONE                                           (abs)        000423
_SLRCONF                                           (abs)        00042B
_SPI1                                              mediumconst  00FF2B
_SPI1BAUD                                          (abs)        000089
_SPI1CLK                                           (abs)        00008C
_SPI1CON0                                          (abs)        000084
_SPI1CON0bits                                      (abs)        000084
_SPI1CON1                                          (abs)        000085
_SPI1CON2                                          (abs)        000086
_SPI1RXB                                           (abs)        000080
_SPI1SCKPPS                                        (abs)        00026A
_SPI1TCNTL                                         (abs)        000082
_SPI1TXB                                           (abs)        000081
_SPI1_BufferExchange                               (abs)        000000
_SPI1_BufferRead                                   (abs)        000000
_SPI1_BufferWrite                                  (abs)        000000
_SPI1_ByteExchange                                 (abs)        000000
_SPI1_ByteRead                                     (abs)        000000
_SPI1_ByteWrite                                    (abs)        000000
_SPI1_Close                                        (abs)        000000
_SPI1_Initialize                                   text26       0115AC
_SPI1_Open                                         (abs)        000000
_SYSTEM_Initialize                                 text19       011558
_T0CON0                                            (abs)        00031A
_T0CON0bits                                        (abs)        00031A
_T0CON1                                            (abs)        00031B
_TMR0H                                             (abs)        000319
_TMR0L                                             (abs)        000318
_TRISA                                             (abs)        0004C6
_TRISB                                             (abs)        0004C7
_TRISC                                             (abs)        0004C8
_TRISCbits                                         (abs)        0004C8
_TRISD                                             (abs)        0004C9
_TRISE                                             (abs)        0004CA
_TRISF                                             (abs)        0004CB
_Task_execute                                      text2        01094C
_Task_register                                     text1        010DBE
_Task_synch                                        text42       010C2A
_Timer0                                            mediumconst  00FF46
_Timer0_DefaultOverflowCallback                    text43       011742
_Timer0_Initialize                                 text24       0113BE
_Timer0_OverflowCallback                           bssBANK5     0005AC
_Timer0_OverflowCallbackRegister                   text25       0116B2
_Timer0_OverflowISR                                text41       011358
_Timer0_Start                                      (abs)        000000
_Timer0_Stop                                       (abs)        000000
_Timer0_Write                                      (abs)        000000
_U1BRGH                                            (abs)        0002AF
_U1BRGL                                            (abs)        0002AE
_U1CON0                                            (abs)        0002AB
_U1CON0bits                                        (abs)        0002AB
_U1CON1                                            (abs)        0002AC
_U1CON1bits                                        (abs)        0002AC
_U1CON2                                            (abs)        0002AD
_U1ERRIE                                           (abs)        0002B3
_U1ERRIR                                           (abs)        0002B2
_U1ERRIRbits                                       (abs)        0002B2
_U1FIFO                                            (abs)        0002B0
_U1P1H                                             (abs)        0002A6
_U1P1L                                             (abs)        0002A5
_U1P2H                                             (abs)        0002A8
_U1P2L                                             (abs)        0002A7
_U1P3H                                             (abs)        0002AA
_U1P3L                                             (abs)        0002A9
_U1RXB                                             (abs)        0002A1
_U1RXCHK                                           (abs)        0002A2
_U1RXPPS                                           (abs)        000272
_U1TXB                                             (abs)        0002A3
_U1TXCHK                                           (abs)        0002A4
_U1UIR                                             (abs)        0002B1
_U1UIRbits                                         (abs)        0002B1
_UART1                                             mediumconst  00FEC5
_UART1_AutoBaudQuery                               (abs)        000000
_UART1_AutoBaudSet                                 (abs)        000000
_UART1_DefaultFramingErrorCallback                 text40       011740
_UART1_DefaultOverrunErrorCallback                 text39       01173E
_UART1_DefaultParityErrorCallback                  (abs)        000000
_UART1_Deinitialize                                (abs)        000000
_UART1_ErrorGet                                    (abs)        000000
_UART1_FramingErrorCallbackRegister                text23       0114F6
_UART1_FramingErrorHandler                         bssBANK5     0005A9
_UART1_Initialize                                  text20       010CFC
_UART1_IsRxReady                                   (abs)        000000
_UART1_IsTxDone                                    (abs)        000000
_UART1_IsTxReady                                   text15       0115C6
_UART1_OverrunErrorCallbackRegister                text22       0114D4
_UART1_OverrunErrorHandler                         bssBANK5     0005A6
_UART1_ParityErrorCallbackRegister                 text21       0114B2
_UART1_ParityErrorHandler                          bssBANK5     0005A3
_UART1_Read                                        (abs)        000000
_UART1_ReceiveISR                                  text38       010A4C
_UART1_RxCompleteCallbackRegister                  (abs)        000000
_UART1_RxCompleteInterruptHandler                  bssBANK5     00059D
_UART1_RxInterruptHandler                          bssBANK5     0005B8
_UART1_TransmitDisable                             (abs)        000000
_UART1_TransmitEnable                              (abs)        000000
_UART1_TransmitISR                                 text37       011322
_UART1_TxCompleteCallbackRegister                  (abs)        000000
_UART1_TxCompleteInterruptHandler                  bssBANK5     0005A0
_UART1_TxInterruptHandler                          bssBANK5     0005BB
_UART1_Write                                       text14       01119E
_WPUA                                              (abs)        000401
_WPUB                                              (abs)        000409
_WPUC                                              (abs)        000411
_WPUD                                              (abs)        000419
_WPUE                                              (abs)        000421
_WPUF                                              (abs)        000429
__HRAM                                             (abs)        000000
__Habs1                                            abs1         000000
__Hbank10                                          bank10       000000
__Hbank11                                          bank11       000000
__Hbank12                                          bank12       000000
__Hbank13                                          bank13       000000
__Hbank14                                          bank14       000000
__Hbank15                                          bank15       000000
__Hbank16                                          bank16       000000
__Hbank17                                          bank17       000000
__Hbank18                                          bank18       000000
__Hbank19                                          bank19       000000
__Hbank20                                          bank20       000000
__Hbank21                                          bank21       000000
__Hbank22                                          bank22       000000
__Hbank23                                          bank23       000000
__Hbank24                                          bank24       000000
__Hbank25                                          bank25       000000
__Hbank26                                          bank26       000000
__Hbank27                                          bank27       000000
__Hbank28                                          bank28       000000
__Hbank29                                          bank29       000000
__Hbank30                                          bank30       000000
__Hbank31                                          bank31       000000
__Hbank32                                          bank32       000000
__Hbank33                                          bank33       000000
__Hbank34                                          bank34       000000
__Hbank35                                          bank35       000000
__Hbank36                                          bank36       000000
__Hbank5                                           bank5        000000
__Hbank6                                           bank6        000000
__Hbank7                                           bank7        000000
__Hbank8                                           bank8        000000
__Hbank9                                           bank9        000000
__Hbigbss                                          bigbss       000000
__Hbigdata                                         bigdata      000000
__Hbigram                                          bigram       000000
__Hbigsfr                                          bigsfr       000000
__Hbss                                             bss          000000
__HbssBANK5                                        bssBANK5     000000
__HbssBANK6                                        bssBANK6     000000
__HbssCOMRAM                                       bssCOMRAM    000000
__Hcinit                                           cinit        000000
__Hclrtext                                         clrtext      000000
__Hcomram                                          comram       000000
__Hconfig                                          config       30000A
__Hconst                                           const        000000
__HcstackBANK5                                     cstackBANK5  000000
__HcstackBANK6                                     cstackBANK6  000000
__HcstackCOMRAM                                    cstackCOMRAM 000000
__Hdata                                            data         000000
__Heeprom_data                                     eeprom_data  000000
__Hfarbss                                          farbss       000000
__Hfardata                                         fardata      000000
__Hheap                                            heap         000000
__Hibigdata                                        ibigdata     000000
__Hidata                                           idata        000000
__Hidloc                                           idloc        200040
__Hifardata                                        ifardata     000000
__Hinit                                            init         00001E
__Hintsave_regs                                    intsave_regs 000000
__Hirdata                                          irdata       000000
__Hivt0x8                                          ivt0x8       00001A
__Hmediumconst                                     mediumconst  010000
__HnvFARRAM                                        nvFARRAM     000000
__Hnvbit                                           nvbit        000000
__Hnvrram                                          nvrram       000000
__Hparam                                           rparam       000000
__Hpowerup                                         powerup      000000
__Hram                                             ram          000000
__Hramtop                                          ramtop       002600
__Hrbit                                            rbit         000000
__Hrbss                                            rbss         000000
__Hrdata                                           rdata        000000
__Hreset_vec                                       reset_vec    000004
__Hrparam                                          rparam       000000
__Hsfr                                             sfr          000000
__Hsmallconst                                      smallconst   000000
__Hspace_0                                         (abs)        01174A
__Hspace_1                                         (abs)        000691
__Hspace_2                                         (abs)        000000
__Hspace_4                                         (abs)        60000A
__Hstack                                           stack        000000
__Hstruct                                          struct       000000
__Htemp                                            temp         000000
__Htext                                            text         000000
__Htext0                                           text0        000000
__Htext1                                           text1        000000
__Htext10                                          text10       000000
__Htext11                                          text11       000000
__Htext12                                          text12       000000
__Htext13                                          text13       000000
__Htext14                                          text14       000000
__Htext15                                          text15       000000
__Htext16                                          text16       000000
__Htext17                                          text17       000000
__Htext18                                          text18       000000
__Htext19                                          text19       000000
__Htext2                                           text2        000000
__Htext20                                          text20       000000
__Htext21                                          text21       000000
__Htext22                                          text22       000000
__Htext23                                          text23       000000
__Htext24                                          text24       000000
__Htext25                                          text25       000000
__Htext26                                          text26       000000
__Htext27                                          text27       000000
__Htext28                                          text28       000000
__Htext29                                          text29       000000
__Htext3                                           text3        000000
__Htext30                                          text30       000000
__Htext31                                          text31       000000
__Htext32                                          text32       000000
__Htext33                                          text33       000000
__Htext34                                          text34       000000
__Htext35                                          text35       000000
__Htext36                                          text36       000000
__Htext37                                          text37       000000
__Htext38                                          text38       000000
__Htext39                                          text39       000000
__Htext4                                           text4        000000
__Htext40                                          text40       000000
__Htext41                                          text41       000000
__Htext42                                          text42       000000
__Htext43                                          text43       000000
__Htext44                                          text44       000000
__Htext45                                          text45       000000
__Htext46                                          text46       000000
__Htext47                                          text47       000000
__Htext48                                          text48       000000
__Htext49                                          text49       000000
__Htext5                                           text5        000000
__Htext50                                          text50       000000
__Htext51                                          text51       000000
__Htext52                                          text52       000000
__Htext53                                          text53       000000
__Htext54                                          text54       000000
__Htext55                                          text55       000000
__Htext56                                          text56       000000
__Htext57                                          text57       000000
__Htext58                                          text58       000000
__Htext59                                          text59       000000
__Htext6                                           text6        000000
__Htext60                                          text60       000000
__Htext61                                          text61       000000
__Htext62                                          text62       000000
__Htext63                                          text63       000000
__Htext64                                          text64       000000
__Htext65                                          text65       000000
__Htext66                                          text66       000000
__Htext67                                          text67       000000
__Htext68                                          text68       000000
__Htext69                                          text69       000000
__Htext7                                           text7        000000
__Htext70                                          text70       000000
__Htext71                                          text71       000000
__Htext72                                          text72       000000
__Htext73                                          text73       000000
__Htext74                                          text74       000000
__Htext8                                           text8        000000
__Htext9                                           text9        000000
__LRAM                                             (abs)        000001
__Labs1                                            abs1         000000
__Lbank10                                          bank10       000000
__Lbank11                                          bank11       000000
__Lbank12                                          bank12       000000
__Lbank13                                          bank13       000000
__Lbank14                                          bank14       000000
__Lbank15                                          bank15       000000
__Lbank16                                          bank16       000000
__Lbank17                                          bank17       000000
__Lbank18                                          bank18       000000
__Lbank19                                          bank19       000000
__Lbank20                                          bank20       000000
__Lbank21                                          bank21       000000
__Lbank22                                          bank22       000000
__Lbank23                                          bank23       000000
__Lbank24                                          bank24       000000
__Lbank25                                          bank25       000000
__Lbank26                                          bank26       000000
__Lbank27                                          bank27       000000
__Lbank28                                          bank28       000000
__Lbank29                                          bank29       000000
__Lbank30                                          bank30       000000
__Lbank31                                          bank31       000000
__Lbank32                                          bank32       000000
__Lbank33                                          bank33       000000
__Lbank34                                          bank34       000000
__Lbank35                                          bank35       000000
__Lbank36                                          bank36       000000
__Lbank5                                           bank5        000000
__Lbank6                                           bank6        000000
__Lbank7                                           bank7        000000
__Lbank8                                           bank8        000000
__Lbank9                                           bank9        000000
__Lbigbss                                          bigbss       000000
__Lbigdata                                         bigdata      000000
__Lbigram                                          bigram       000000
__Lbigsfr                                          bigsfr       000000
__Lbss                                             bss          000000
__LbssBANK5                                        bssBANK5     000000
__LbssBANK6                                        bssBANK6     000000
__LbssCOMRAM                                       bssCOMRAM    000000
__Lcinit                                           cinit        000000
__Lclrtext                                         clrtext      000000
__Lcomram                                          comram       000000
__Lconfig                                          config       000000
__Lconst                                           const        000000
__LcstackBANK5                                     cstackBANK5  000000
__LcstackBANK6                                     cstackBANK6  000000
__LcstackCOMRAM                                    cstackCOMRAM 000000
__Ldata                                            data         000000
__Leeprom_data                                     eeprom_data  000000
__Lfarbss                                          farbss       000000
__Lfardata                                         fardata      000000
__Lheap                                            heap         000000
__Libigdata                                        ibigdata     000000
__Lidata                                           idata        000000
__Lidloc                                           idloc        000000
__Lifardata                                        ifardata     000000
__Linit                                            init         00001A
__Lintsave_regs                                    intsave_regs 000000
__Lirdata                                          irdata       000000
__Livt0x8                                          ivt0x8       000008
__Lmediumconst                                     mediumconst  00FEC4
__LnvFARRAM                                        nvFARRAM     000000
__Lnvbit                                           nvbit        000000
__Lnvrram                                          nvrram       000000
__Lparam                                           rparam       000000
__Lpowerup                                         powerup      000000
__Lram                                             ram          000000
__Lramtop                                          ramtop       002600
__Lrbit                                            rbit         000000
__Lrbss                                            rbss         000000
__Lrdata                                           rdata        000000
__Lreset_vec                                       reset_vec    000000
__Lrparam                                          rparam       000000
__Lsfr                                             sfr          000000
__Lsmallconst                                      smallconst   000000
__Lspace_0                                         (abs)        000000
__Lspace_1                                         (abs)        000000
__Lspace_2                                         (abs)        000000
__Lspace_4                                         (abs)        000000
__Lstack                                           stack        000000
__Lstruct                                          struct       000000
__Ltemp                                            temp         000000
__Ltext                                            text         000000
__Ltext0                                           text0        000000
__Ltext1                                           text1        000000
__Ltext10                                          text10       000000
__Ltext11                                          text11       000000
__Ltext12                                          text12       000000
__Ltext13                                          text13       000000
__Ltext14                                          text14       000000
__Ltext15                                          text15       000000
__Ltext16                                          text16       000000
__Ltext17                                          text17       000000
__Ltext18                                          text18       000000
__Ltext19                                          text19       000000
__Ltext2                                           text2        000000
__Ltext20                                          text20       000000
__Ltext21                                          text21       000000
__Ltext22                                          text22       000000
__Ltext23                                          text23       000000
__Ltext24                                          text24       000000
__Ltext25                                          text25       000000
__Ltext26                                          text26       000000
__Ltext27                                          text27       000000
__Ltext28                                          text28       000000
__Ltext29                                          text29       000000
__Ltext3                                           text3        000000
__Ltext30                                          text30       000000
__Ltext31                                          text31       000000
__Ltext32                                          text32       000000
__Ltext33                                          text33       000000
__Ltext34                                          text34       000000
__Ltext35                                          text35       000000
__Ltext36                                          text36       000000
__Ltext37                                          text37       000000
__Ltext38                                          text38       000000
__Ltext39                                          text39       000000
__Ltext4                                           text4        000000
__Ltext40                                          text40       000000
__Ltext41                                          text41       000000
__Ltext42                                          text42       000000
__Ltext43                                          text43       000000
__Ltext44                                          text44       000000
__Ltext45                                          text45       000000
__Ltext46                                          text46       000000
__Ltext47                                          text47       000000
__Ltext48                                          text48       000000
__Ltext49                                          text49       000000
__Ltext5                                           text5        000000
__Ltext50                                          text50       000000
__Ltext51                                          text51       000000
__Ltext52                                          text52       000000
__Ltext53                                          text53       000000
__Ltext54                                          text54       000000
__Ltext55                                          text55       000000
__Ltext56                                          text56       000000
__Ltext57                                          text57       000000
__Ltext58                                          text58       000000
__Ltext59                                          text59       000000
__Ltext6                                           text6        000000
__Ltext60                                          text60       000000
__Ltext61                                          text61       000000
__Ltext62                                          text62       000000
__Ltext63                                          text63       000000
__Ltext64                                          text64       000000
__Ltext65                                          text65       000000
__Ltext66                                          text66       000000
__Ltext67                                          text67       000000
__Ltext68                                          text68       000000
__Ltext69                                          text69       000000
__Ltext7                                           text7        000000
__Ltext70                                          text70       000000
__Ltext71                                          text71       000000
__Ltext72                                          text72       000000
__Ltext73                                          text73       000000
__Ltext74                                          text74       000000
__Ltext8                                           text8        000000
__Ltext9                                           text9        000000
__S0                                               (abs)        01174A
__S1                                               (abs)        000691
__S4                                               (abs)        000000
__S5                                               (abs)        000000
___aodiv                                           text18       01027C
___aodiv@counter                                   cstackCOMRAM 000517
___aodiv@dividend                                  cstackCOMRAM 000507
___aodiv@divisor                                   cstackCOMRAM 00050F
___aodiv@quotient                                  cstackCOMRAM 000519
___aodiv@sign                                      cstackCOMRAM 000518
___aomod                                           text17       010586
___aomod@counter                                   cstackCOMRAM 000517
___aomod@dividend                                  cstackCOMRAM 000507
___aomod@divisor                                   cstackCOMRAM 00050F
___aomod@sign                                      cstackCOMRAM 000518
___heap_hi                                         (abs)        000000
___heap_lo                                         (abs)        000000
___inthi_sp                                        stack        000000
___intlo_sp                                        stack        000000
___param_bank                                      (abs)        000000
___rparam_used                                     (abs)        000001
___sp                                              stack        000000
__accesstop                                        (abs)        000560
__activetblptr                                     (abs)        000003
__end_of_CLOCK_Initialize                          text35       011592
__end_of_I2C1_AddrTransmit                         text54       01170E
__end_of_I2C1_BufferClear                          text73       0116FE
__end_of_I2C1_BusReset                             text68       0112EA
__end_of_I2C1_CallbackRegister                     text34       01153A
__end_of_I2C1_Close                                text55       01143C
__end_of_I2C1_CounterGet                           text61       01173E
__end_of_I2C1_CounterSet                           text60       01171E
__end_of_I2C1_DataReceive                          text50       01172C
__end_of_I2C1_DataTransmit                         text59       011716
__end_of_I2C1_DefaultCallback                      text67       01174A
__end_of_I2C1_ERROR_ISR                            text56       010C2A
__end_of_I2C1_ErrorFlagsClear                      text72       0116F4
__end_of_I2C1_Host                                 mediumconst  00FF2B
__end_of_I2C1_ISR                                  text51       010F88
__end_of_I2C1_Initialize                           text32       01114A
__end_of_I2C1_InterruptsClear                      text71       011726
__end_of_I2C1_InterruptsDisable                    text70       0116B2
__end_of_I2C1_InterruptsEnable                     text33       01168A
__end_of_I2C1_IsAddr                               text66       011676
__end_of_I2C1_IsBusCol                             text65       011660
__end_of_I2C1_IsBusTimeOut                         text64       01164A
__end_of_I2C1_IsData                               text63       011634
__end_of_I2C1_IsNack                               text62       01161E
__end_of_I2C1_RX_ISR                               text49       011608
__end_of_I2C1_ReadStart                            text52       011412
__end_of_I2C1_RestartDisable                       text58       011738
__end_of_I2C1_StartSend                            text53       011732
__end_of_I2C1_StopSend                             text57       0114B2
__end_of_I2C1_TX_ISR                               text48       0115F2
__end_of_INT0_SetInterruptHandler                  text31       0116EA
__end_of_INT1_SetInterruptHandler                  text30       0116DC
__end_of_INT2_CallBack                             text46       0113BE
__end_of_INT2_DefaultInterruptHandler              text47       011748
__end_of_INT2_ISR                                  text45       011706
__end_of_INT2_SetInterruptHandler                  text29       0116CE
__end_of_INTERRUPT_Initialize                      text28       01126E
__end_of_INTERRUPT_InterruptManager                text36       010586
__end_of_PIN_MANAGER_IOC                           text44       011746
__end_of_PIN_MANAGER_Initialize                    text27       01094C
__end_of_SPI1                                      mediumconst  00FF46
__end_of_SPI1_Initialize                           text26       0115C6
__end_of_SYSTEM_Initialize                         text19       011576
__end_of_Task_execute                              text2        010A4C
__end_of_Task_register                             text1        010E5E
__end_of_Task_synch                                text42       010CFC
__end_of_Timer0                                    mediumconst  00FF58
__end_of_Timer0_DefaultOverflowCallback            text43       011744
__end_of_Timer0_Initialize                         text24       0113E8
__end_of_Timer0_OverflowCallbackRegister           text25       0116C0
__end_of_Timer0_OverflowISR                        text41       01138C
__end_of_UART1                                     mediumconst  00FF0D
__end_of_UART1_DefaultFramingErrorCallback         text40       011742
__end_of_UART1_DefaultOverrunErrorCallback         text39       011740
__end_of_UART1_FramingErrorCallbackRegister        text23       011518
__end_of_UART1_Initialize                          text20       010DBE
__end_of_UART1_IsTxReady                           text15       0115DC
__end_of_UART1_OverrunErrorCallbackRegister        text22       0114F6
__end_of_UART1_ParityErrorCallbackRegister         text21       0114D4
__end_of_UART1_ReceiveISR                          text38       010B40
__end_of_UART1_TransmitISR                         text37       011358
__end_of_UART1_Write                               text14       0111E8
__end_of___aodiv                                   text18       010404
__end_of___aomod                                   text17       0106EA
__end_of__initialization                           cinit        01131C
__end_of_abs                                       text16       0112AE
__end_of_dtoa                                      text9        01027C
__end_of_fputc                                     text12       010EF4
__end_of_fputs                                     text11       01122C
__end_of_main                                      text0        01100A
__end_of_pad                                       text10       011084
__end_of_printCounter                              text3        0115AC
__end_of_printWelcome                              text4        0110E8
__end_of_printf                                    text6        01148C
__end_of_putch                                     text13       011558
__end_of_spi1_configuration                        mediumconst  00FF5D
__end_of_toggleLed                                 text5        011464
__end_of_vfpfcnvrt                                 text8        010848
__end_of_vfprintf                                  text7        01119E
__end_ofi2_I2C1_InterruptsEnable                   text69       01169E
__initialization                                   cinit        0112EA
__mediumconst                                      mediumconst  00FEC4
__pbssBANK5                                        bssBANK5     000560
__pbssBANK6                                        bssBANK6     000600
__pbssCOMRAM                                       bssCOMRAM    000554
__pcinit                                           cinit        0112EA
__pcstackBANK5                                     cstackBANK5  0005E9
__pcstackBANK6                                     cstackBANK6  000690
__pcstackCOMRAM                                    cstackCOMRAM 000501
__pivt0x8                                          ivt0x8       000008
__pmediumconst                                     mediumconst  00FEC4
__ptext0                                           text0        010F88
__ptext1                                           text1        010DBE
__ptext10                                          text10       01100A
__ptext11                                          text11       0111E8
__ptext12                                          text12       010E5E
__ptext13                                          text13       01153A
__ptext14                                          text14       01119E
__ptext15                                          text15       0115C6
__ptext16                                          text16       01126E
__ptext17                                          text17       010586
__ptext18                                          text18       01027C
__ptext19                                          text19       011558
__ptext2                                           text2        01094C
__ptext20                                          text20       010CFC
__ptext21                                          text21       0114B2
__ptext22                                          text22       0114D4
__ptext23                                          text23       0114F6
__ptext24                                          text24       0113BE
__ptext25                                          text25       0116B2
__ptext26                                          text26       0115AC
__ptext27                                          text27       010848
__ptext28                                          text28       01122C
__ptext29                                          text29       0116C0
__ptext3                                           text3        011592
__ptext30                                          text30       0116CE
__ptext31                                          text31       0116DC
__ptext32                                          text32       0110E8
__ptext33                                          text33       011676
__ptext34                                          text34       011518
__ptext35                                          text35       011576
__ptext36                                          text36       010404
__ptext37                                          text37       011322
__ptext38                                          text38       010A4C
__ptext39                                          text39       01173E
__ptext4                                           text4        011084
__ptext40                                          text40       011740
__ptext41                                          text41       011358
__ptext42                                          text42       010C2A
__ptext43                                          text43       011742
__ptext44                                          text44       011744
__ptext45                                          text45       0116FE
__ptext46                                          text46       01138C
__ptext47                                          text47       011746
__ptext48                                          text48       0115DC
__ptext49                                          text49       0115F2
__ptext5                                           text5        01143C
__ptext50                                          text50       011726
__ptext51                                          text51       010EF4
__ptext52                                          text52       0113E8
__ptext53                                          text53       01172C
__ptext54                                          text54       011706
__ptext55                                          text55       011412
__ptext56                                          text56       010B40
__ptext57                                          text57       01148C
__ptext58                                          text58       011732
__ptext59                                          text59       01170E
__ptext6                                           text6        011464
__ptext60                                          text60       011716
__ptext61                                          text61       011738
__ptext62                                          text62       011608
__ptext63                                          text63       01161E
__ptext64                                          text64       011634
__ptext65                                          text65       01164A
__ptext66                                          text66       011660
__ptext67                                          text67       011748
__ptext68                                          text68       0112AE
__ptext69                                          text69       01168A
__ptext7                                           text7        01114A
__ptext70                                          text70       01169E
__ptext71                                          text71       01171E
__ptext72                                          text72       0116EA
__ptext73                                          text73       0116F4
__ptext74                                          text74       000000
__ptext8                                           text8        0106EA
__ptext9                                           text9        010000
__ramtop                                           ramtop       002600
__smallconst                                       smallconst   000000
_abs                                               text16       01126E
_counter                                           bssBANK5     0005C8
_dbuf                                              bssBANK5     0005C9
_dtoa                                              text9        010000
_dtoa$2853                                         cstackCOMRAM 000537
_flags                                             bssBANK5     0005C7
_fputc                                             text12       010E5E
_fputs                                             text11       0111E8
_i2c1Status                                        bssBANK5     000590
_main                                              text0        010F88
_pad                                               text10       01100A
_prec                                              bssBANK5     0005C3
_printCounter                                      text3        011592
_printWelcome                                      text4        011084
_printf                                            text6        011464
_putch                                             text13       01153A
_spi1_configuration                                mediumconst  00FF58
_tasks                                             bssBANK6     000600
_toggleLed                                         text5        01143C
_uart1RxBuffer                                     bssBANK5     000580
_uart1RxCount                                      bssCOMRAM    000554
_uart1RxHead                                       bssCOMRAM    000556
_uart1RxLastError                                  bssBANK5     0005C5
_uart1RxStatusBuffer                               bssBANK5     000560
_uart1RxTail                                       bssCOMRAM    000555
_uart1TxBuffer                                     bssBANK6     000650
_uart1TxBufferRemaining                            bssCOMRAM    000557
_uart1TxHead                                       bssCOMRAM    000559
_uart1TxTail                                       bssCOMRAM    000558
_vfpfcnvrt                                         text8        0106EA
_vfprintf                                          text7        01114A
_width                                             bssBANK5     0005C1
abs@a                                              cstackCOMRAM 000519
dtoa@d                                             cstackCOMRAM 000527
dtoa@fp                                            cstackCOMRAM 000525
dtoa@i                                             cstackCOMRAM 000546
dtoa@n                                             cstackCOMRAM 00053D
dtoa@p                                             cstackCOMRAM 000539
dtoa@s                                             cstackCOMRAM 000545
dtoa@w                                             cstackCOMRAM 00053B
end_of_initialization                              cinit        01131C
fputc@c                                            cstackCOMRAM 00050A
fputc@fp                                           cstackCOMRAM 00050C
fputs@c                                            cstackCOMRAM 000517
fputs@fp                                           cstackCOMRAM 000515
fputs@i                                            cstackCOMRAM 000518
fputs@s                                            cstackCOMRAM 000513
i2_I2C1_InterruptsEnable                           text69       01168A
intlevel0                                          text         000000
intlevel1                                          text         000000
intlevel2                                          text         000000
intlevel3                                          text         000000
isa$std                                            (abs)        000001
isa$xinst                                          (abs)        000000
ivt0x8_base                                        ivt0x8       000008
pad@buf                                            cstackCOMRAM 00051C
pad@fp                                             cstackCOMRAM 00051A
pad@i                                              cstackCOMRAM 000521
pad@p                                              cstackCOMRAM 00051E
pad@w                                              cstackCOMRAM 000523
printf@ap                                          cstackCOMRAM 000552
printf@fmt                                         cstackBANK5  0005F9
putch@txData                                       cstackCOMRAM 000509
stackhi                                            (abs)        000000
stacklo                                            (abs)        000000
start                                              init         00001A
start_initialization                               cinit        0112EA
vfpfcnvrt@ap                                       cstackCOMRAM 00054C
vfpfcnvrt@convarg                                  cstackBANK5  0005E9
vfpfcnvrt@cp                                       cstackBANK5  0005F1
vfpfcnvrt@fmt                                      cstackCOMRAM 00054A
vfpfcnvrt@fp                                       cstackCOMRAM 000548
vfprintf@ap                                        cstackBANK5  0005F7
vfprintf@cfmt                                      cstackCOMRAM 000550
vfprintf@fmt                                       cstackBANK5  0005F5
vfprintf@fp                                        cstackBANK5  0005F3


MODULE INFORMATION

Module		Function		Class		Link	Load	Size
C:\Program Files\Microchip\xc8\v2.40\pic\sources\c99\common\nf_fputc.c
		_fputc         		CODE           	10E5E	0000	150

C:\Program Files\Microchip\xc8\v2.40\pic\sources\c99\common\nf_fputc.c estimated size: 150

C:\Program Files\Microchip\xc8\v2.40\pic\sources\c99\common\abs.c
		_abs           		CODE           	1126E	0000	64

C:\Program Files\Microchip\xc8\v2.40\pic\sources\c99\common\abs.c estimated size: 64

C:\Program Files\Microchip\xc8\v2.40\pic\sources\c99\common\printf.c
		_printf        		CODE           	11464	0000	40

C:\Program Files\Microchip\xc8\v2.40\pic\sources\c99\common\printf.c estimated size: 40

mcc_generated_files/system/src/interrupt.c
		_INT0_SetInterruptHandler		CODE           	116DC	0000	14
		_INT1_SetInterruptHandler		CODE           	116CE	0000	14
		_INT2_SetInterruptHandler		CODE           	116C0	0000	14
		_INTERRUPT_Initialize		CODE           	1122C	0000	66
		_INTERRUPT_InterruptManager		CODE           	10404	0000	386
		_INT2_DefaultInterruptHandler		CODE           	11746	0000	2
		_INT2_CallBack 		CODE           	1138C	0000	50
		_INT2_ISR      		CODE           	116FE	0000	8

mcc_generated_files/system/src/interrupt.c estimated size: 554

mcc_generated_files/uart/src/uart1.c
		_UART1_DefaultOverrunErrorCallback		CODE           	1173E	0000	2
		_UART1_IsTxReady		CODE           	115C6	0000	22
		_UART1_Write   		CODE           	1119E	0000	74
		_putch         		CODE           	1153A	0000	30
		_UART1_FramingErrorCallbackRegister		CODE           	114F6	0000	34
		_UART1_OverrunErrorCallbackRegister		CODE           	114D4	0000	34
		_UART1_ReceiveISR		CODE           	10A4C	0000	244
		_UART1_Initialize		CODE           	10CFC	0000	194
		_UART1_DefaultFramingErrorCallback		CODE           	11740	0000	2
		_UART1_TransmitISR		CODE           	11322	0000	54
		_UART1_ParityErrorCallbackRegister		CODE           	114B2	0000	34

mcc_generated_files/uart/src/uart1.c estimated size: 724

mcc_generated_files/i2c_host/src/i2c1.c
		_I2C1_CallbackRegister		CODE           	11518	0000	34
		_I2C1_RX_ISR   		CODE           	115F2	0000	22
		_I2C1_InterruptsEnable		CODE           	11676	0000	20
		_I2C1_CounterGet		CODE           	11738	0000	6
		_I2C1_CounterSet		CODE           	11716	0000	8
		_I2C1_ReadStart		CODE           	113E8	0000	42
		_I2C1_InterruptsClear		CODE           	1171E	0000	8
		_I2C1_ISR      		CODE           	10EF4	0000	148
		_I2C1_DataReceive		CODE           	11726	0000	6
		_I2C1_IsData   		CODE           	1161E	0000	22
		_I2C1_IsNack   		CODE           	11608	0000	22
		_I2C1_IsAddr   		CODE           	11660	0000	22
		_I2C1_InterruptsDisable		CODE           	1169E	0000	20
		_I2C1_BufferClear		CODE           	116F4	0000	10
		_I2C1_BusReset 		CODE           	112AE	0000	60
		_I2C1_Initialize		CODE           	110E8	0000	98
		_I2C1_Close    		CODE           	11412	0000	42
		_I2C1_IsBusCol 		CODE           	1164A	0000	22
		_I2C1_ERROR_ISR		CODE           	10B40	0000	234
		_I2C1_ErrorFlagsClear		CODE           	116EA	0000	10
		_I2C1_TX_ISR   		CODE           	115DC	0000	22
		_I2C1_StopSend 		CODE           	1148C	0000	38
		_I2C1_RestartDisable		CODE           	11732	0000	6
		_I2C1_DataTransmit		CODE           	1170E	0000	8
		_I2C1_AddrTransmit		CODE           	11706	0000	8
		_I2C1_IsBusTimeOut		CODE           	11634	0000	22
		_I2C1_DefaultCallback		CODE           	11748	0000	2
		_I2C1_StartSend		CODE           	1172C	0000	6

mcc_generated_files/i2c_host/src/i2c1.c estimated size: 968

tasks.c
		_Task_synch    		CODE           	10C2A	0000	210
		_Task_register 		CODE           	10DBE	0000	160
		_Task_execute  		CODE           	1094C	0000	256

tasks.c estimated size: 626

C:\Program Files\Microchip\xc8\v2.40\pic\sources\c99\common\nf_fputs.c
		_fputs         		CODE           	111E8	0000	68

C:\Program Files\Microchip\xc8\v2.40\pic\sources\c99\common\nf_fputs.c estimated size: 68

mcc_generated_files/system/src/pins.c
		_PIN_MANAGER_Initialize		CODE           	10848	0000	260
		_PIN_MANAGER_IOC		CODE           	11744	0000	2

mcc_generated_files/system/src/pins.c estimated size: 262

C:\Program Files\Microchip\xc8\v2.40\pic\sources\c99\common\aomod.c
		___aomod       		CODE           	10586	0000	356

C:\Program Files\Microchip\xc8\v2.40\pic\sources\c99\common\aomod.c estimated size: 356

shared
		_SPI1          		MEDIUMCONST    	FF2B	0000	27
		i2_I2C1_InterruptsEnable		CODE           	1168A	0000	20
		__initialization		CODE           	112EA	0000	50
		_I2C1_Host     		MEDIUMCONST    	FF0D	0000	30
		_UART1         		MEDIUMCONST    	FEC5	0000	72
		_Timer0        		MEDIUMCONST    	FF46	0000	18
		_spi1_configuration		MEDIUMCONST    	FF58	0000	5

shared estimated size: 222

app.c
		_printWelcome  		CODE           	11084	0000	100
		_printCounter  		CODE           	11592	0000	26
		_toggleLed     		CODE           	1143C	0000	40

app.c estimated size: 166

C:\Program Files\Microchip\xc8\v2.40\pic\sources\c99\common\doprnt.c
		_vfpfcnvrt     		CODE           	106EA	0000	350
		_pad           		CODE           	1100A	0000	122
		_dtoa          		CODE           	10000	0000	636
		_vfprintf      		CODE           	1114A	0000	84

C:\Program Files\Microchip\xc8\v2.40\pic\sources\c99\common\doprnt.c estimated size: 1192

mcc_generated_files/system/src/clock.c
		_CLOCK_Initialize		CODE           	11576	0000	28

mcc_generated_files/system/src/clock.c estimated size: 28

mcc_generated_files/timer/src/tmr0.c
		_Timer0_Initialize		CODE           	113BE	0000	42
		_Timer0_OverflowCallbackRegister		CODE           	116B2	0000	14
		_Timer0_OverflowISR		CODE           	11358	0000	52
		_Timer0_DefaultOverflowCallback		CODE           	11742	0000	2

mcc_generated_files/timer/src/tmr0.c estimated size: 110

main.c
		_main          		CODE           	10F88	0000	130

main.c estimated size: 130

mcc_generated_files/system/src/system.c
		_SYSTEM_Initialize		CODE           	11558	0000	30

mcc_generated_files/system/src/system.c estimated size: 30

C:\Program Files\Microchip\xc8\v2.40\pic\sources\c99\common\aodiv.c
		___aodiv       		CODE           	1027C	0000	392

C:\Program Files\Microchip\xc8\v2.40\pic\sources\c99\common\aodiv.c estimated size: 392

mcc_generated_files/spi/src/spi1.c
		_SPI1_Initialize		CODE           	115AC	0000	26

mcc_generated_files/spi/src/spi1.c estimated size: 26

